[bwa_index] Pack FASTA... 0.01 sec
[bwa_index] Construct BWT for the packed sequence...
[bwa_index] 0.37 seconds elapse.
[bwa_index] Update BWT... 0.01 sec
[bwa_index] Pack forward-only FASTA... 0.01 sec
[bwa_index] Construct SA from BWT and Occ... 0.16 sec
[main] Version: 0.7.19-r1273
[main] CMD: bwa index -p Efaecium /home/yogesh22/Genome_Analysis/reference-genome/GCF_009734005.1_ASM973400v2_genomic.fna
[main] Real time: 0.630 sec; CPU: 0.559 sec
/var/spool/slurmd/job5519891/slurm_script: line 16: /home/yogesh22/Genome_Analysis/outputs/06-alignment/BH//home/yogesh22/Genome_Analysis/raw_data/transcriptomics_data/RNA-Seq_BH/trimmed/trim_paired_ERR1797972_pass_1.sam: No such file or directory
/var/spool/slurmd/job5519891/slurm_script: line 16: /home/yogesh22/Genome_Analysis/outputs/06-alignment/BH//home/yogesh22/Genome_Analysis/raw_data/transcriptomics_data/RNA-Seq_BH/trimmed/trim_paired_ERR1797972_pass_2.sam: No such file or directory
/var/spool/slurmd/job5519891/slurm_script: line 16: /home/yogesh22/Genome_Analysis/outputs/06-alignment/BH//home/yogesh22/Genome_Analysis/raw_data/transcriptomics_data/RNA-Seq_BH/trimmed/trim_paired_ERR1797973_pass_1.sam: No such file or directory
/var/spool/slurmd/job5519891/slurm_script: line 16: /home/yogesh22/Genome_Analysis/outputs/06-alignment/BH//home/yogesh22/Genome_Analysis/raw_data/transcriptomics_data/RNA-Seq_BH/trimmed/trim_paired_ERR1797973_pass_2.sam: No such file or directory
/var/spool/slurmd/job5519891/slurm_script: line 16: /home/yogesh22/Genome_Analysis/outputs/06-alignment/BH//home/yogesh22/Genome_Analysis/raw_data/transcriptomics_data/RNA-Seq_BH/trimmed/trim_paired_ERR1797974_pass_1.sam: No such file or directory
/var/spool/slurmd/job5519891/slurm_script: line 16: /home/yogesh22/Genome_Analysis/outputs/06-alignment/BH//home/yogesh22/Genome_Analysis/raw_data/transcriptomics_data/RNA-Seq_BH/trimmed/trim_paired_ERR1797974_pass_2.sam: No such file or directory
/var/spool/slurmd/job5519891/slurm_script: line 16: /home/yogesh22/Genome_Analysis/outputs/06-alignment/BH//home/yogesh22/Genome_Analysis/raw_data/transcriptomics_data/RNA-Seq_BH/trimmed/trim_single_ERR1797972_pass_1.sam: No such file or directory
/var/spool/slurmd/job5519891/slurm_script: line 16: /home/yogesh22/Genome_Analysis/outputs/06-alignment/BH//home/yogesh22/Genome_Analysis/raw_data/transcriptomics_data/RNA-Seq_BH/trimmed/trim_single_ERR1797972_pass_2.sam: No such file or directory
/var/spool/slurmd/job5519891/slurm_script: line 16: /home/yogesh22/Genome_Analysis/outputs/06-alignment/BH//home/yogesh22/Genome_Analysis/raw_data/transcriptomics_data/RNA-Seq_BH/trimmed/trim_single_ERR1797973_pass_1.sam: No such file or directory
/var/spool/slurmd/job5519891/slurm_script: line 16: /home/yogesh22/Genome_Analysis/outputs/06-alignment/BH//home/yogesh22/Genome_Analysis/raw_data/transcriptomics_data/RNA-Seq_BH/trimmed/trim_single_ERR1797973_pass_2.sam: No such file or directory
/var/spool/slurmd/job5519891/slurm_script: line 16: /home/yogesh22/Genome_Analysis/outputs/06-alignment/BH//home/yogesh22/Genome_Analysis/raw_data/transcriptomics_data/RNA-Seq_BH/trimmed/trim_single_ERR1797974_pass_1.sam: No such file or directory
/var/spool/slurmd/job5519891/slurm_script: line 16: /home/yogesh22/Genome_Analysis/outputs/06-alignment/BH//home/yogesh22/Genome_Analysis/raw_data/transcriptomics_data/RNA-Seq_BH/trimmed/trim_single_ERR1797974_pass_2.sam: No such file or directory
/var/spool/slurmd/job5519891/slurm_script: line 21: /home/yogesh22/Genome_Analysis/outputs/06-alignment/Serum//home/yogesh22/Genome_Analysis/raw_data/transcriptomics_data/RNA-Seq_Serum/trimmed/trim_paired_ERR1797969_pass_1.sam: No such file or directory
/var/spool/slurmd/job5519891/slurm_script: line 21: /home/yogesh22/Genome_Analysis/outputs/06-alignment/Serum//home/yogesh22/Genome_Analysis/raw_data/transcriptomics_data/RNA-Seq_Serum/trimmed/trim_paired_ERR1797969_pass_2.sam: No such file or directory
/var/spool/slurmd/job5519891/slurm_script: line 21: /home/yogesh22/Genome_Analysis/outputs/06-alignment/Serum//home/yogesh22/Genome_Analysis/raw_data/transcriptomics_data/RNA-Seq_Serum/trimmed/trim_paired_ERR1797970_pass_1.sam: No such file or directory
/var/spool/slurmd/job5519891/slurm_script: line 21: /home/yogesh22/Genome_Analysis/outputs/06-alignment/Serum//home/yogesh22/Genome_Analysis/raw_data/transcriptomics_data/RNA-Seq_Serum/trimmed/trim_paired_ERR1797970_pass_2.sam: No such file or directory
/var/spool/slurmd/job5519891/slurm_script: line 21: /home/yogesh22/Genome_Analysis/outputs/06-alignment/Serum//home/yogesh22/Genome_Analysis/raw_data/transcriptomics_data/RNA-Seq_Serum/trimmed/trim_paired_ERR1797971_pass_1.sam: No such file or directory
/var/spool/slurmd/job5519891/slurm_script: line 21: /home/yogesh22/Genome_Analysis/outputs/06-alignment/Serum//home/yogesh22/Genome_Analysis/raw_data/transcriptomics_data/RNA-Seq_Serum/trimmed/trim_paired_ERR1797971_pass_2.sam: No such file or directory
/var/spool/slurmd/job5519891/slurm_script: line 21: /home/yogesh22/Genome_Analysis/outputs/06-alignment/Serum//home/yogesh22/Genome_Analysis/raw_data/transcriptomics_data/RNA-Seq_Serum/trimmed/trim_single_ERR1797969_pass_1.sam: No such file or directory
/var/spool/slurmd/job5519891/slurm_script: line 21: /home/yogesh22/Genome_Analysis/outputs/06-alignment/Serum//home/yogesh22/Genome_Analysis/raw_data/transcriptomics_data/RNA-Seq_Serum/trimmed/trim_single_ERR1797969_pass_2.sam: No such file or directory
/var/spool/slurmd/job5519891/slurm_script: line 21: /home/yogesh22/Genome_Analysis/outputs/06-alignment/Serum//home/yogesh22/Genome_Analysis/raw_data/transcriptomics_data/RNA-Seq_Serum/trimmed/trim_single_ERR1797970_pass_1.sam: No such file or directory
/var/spool/slurmd/job5519891/slurm_script: line 21: /home/yogesh22/Genome_Analysis/outputs/06-alignment/Serum//home/yogesh22/Genome_Analysis/raw_data/transcriptomics_data/RNA-Seq_Serum/trimmed/trim_single_ERR1797970_pass_2.sam: No such file or directory
/var/spool/slurmd/job5519891/slurm_script: line 21: /home/yogesh22/Genome_Analysis/outputs/06-alignment/Serum//home/yogesh22/Genome_Analysis/raw_data/transcriptomics_data/RNA-Seq_Serum/trimmed/trim_single_ERR1797971_pass_1.sam: No such file or directory
/var/spool/slurmd/job5519891/slurm_script: line 21: /home/yogesh22/Genome_Analysis/outputs/06-alignment/Serum//home/yogesh22/Genome_Analysis/raw_data/transcriptomics_data/RNA-Seq_Serum/trimmed/trim_single_ERR1797971_pass_2.sam: No such file or directory
