[bwa_index] Pack FASTA... 0.01 sec
[bwa_index] Construct BWT for the packed sequence...
[bwa_index] 0.37 seconds elapse.
[bwa_index] Update BWT... 0.01 sec
[bwa_index] Pack forward-only FASTA... 0.01 sec
[bwa_index] Construct SA from BWT and Occ... 0.15 sec
[main] Version: 0.7.19-r1273
[main] CMD: bwa index -p Efaecium /home/yogesh22/Genome_Analysis/reference-genome/GCF_009734005.1_ASM973400v2_genomic.fna
[main] Real time: 0.629 sec; CPU: 0.557 sec
/var/spool/slurmd/job5520027/slurm_script: line 16: /home/yogesh22/Genome_Analysis/outputs/06-alignment/BH/: Is a directory
/var/spool/slurmd/job5520027/slurm_script: line 16: /home/yogesh22/Genome_Analysis/outputs/06-alignment/BH/: Is a directory
/var/spool/slurmd/job5520027/slurm_script: line 16: /home/yogesh22/Genome_Analysis/outputs/06-alignment/BH/: Is a directory
/var/spool/slurmd/job5520027/slurm_script: line 16: /home/yogesh22/Genome_Analysis/outputs/06-alignment/BH/: Is a directory
/var/spool/slurmd/job5520027/slurm_script: line 16: /home/yogesh22/Genome_Analysis/outputs/06-alignment/BH/: Is a directory
/var/spool/slurmd/job5520027/slurm_script: line 16: /home/yogesh22/Genome_Analysis/outputs/06-alignment/BH/: Is a directory
/var/spool/slurmd/job5520027/slurm_script: line 16: /home/yogesh22/Genome_Analysis/outputs/06-alignment/BH/: Is a directory
/var/spool/slurmd/job5520027/slurm_script: line 16: /home/yogesh22/Genome_Analysis/outputs/06-alignment/BH/: Is a directory
/var/spool/slurmd/job5520027/slurm_script: line 16: /home/yogesh22/Genome_Analysis/outputs/06-alignment/BH/: Is a directory
/var/spool/slurmd/job5520027/slurm_script: line 16: /home/yogesh22/Genome_Analysis/outputs/06-alignment/BH/: Is a directory
/var/spool/slurmd/job5520027/slurm_script: line 16: /home/yogesh22/Genome_Analysis/outputs/06-alignment/BH/: Is a directory
/var/spool/slurmd/job5520027/slurm_script: line 16: /home/yogesh22/Genome_Analysis/outputs/06-alignment/BH/: Is a directory
/var/spool/slurmd/job5520027/slurm_script: line 21: /home/yogesh22/Genome_Analysis/outputs/06-alignment/Serum/: Is a directory
/var/spool/slurmd/job5520027/slurm_script: line 21: /home/yogesh22/Genome_Analysis/outputs/06-alignment/Serum/: Is a directory
/var/spool/slurmd/job5520027/slurm_script: line 21: /home/yogesh22/Genome_Analysis/outputs/06-alignment/Serum/: Is a directory
/var/spool/slurmd/job5520027/slurm_script: line 21: /home/yogesh22/Genome_Analysis/outputs/06-alignment/Serum/: Is a directory
/var/spool/slurmd/job5520027/slurm_script: line 21: /home/yogesh22/Genome_Analysis/outputs/06-alignment/Serum/: Is a directory
/var/spool/slurmd/job5520027/slurm_script: line 21: /home/yogesh22/Genome_Analysis/outputs/06-alignment/Serum/: Is a directory
/var/spool/slurmd/job5520027/slurm_script: line 21: /home/yogesh22/Genome_Analysis/outputs/06-alignment/Serum/: Is a directory
/var/spool/slurmd/job5520027/slurm_script: line 21: /home/yogesh22/Genome_Analysis/outputs/06-alignment/Serum/: Is a directory
/var/spool/slurmd/job5520027/slurm_script: line 21: /home/yogesh22/Genome_Analysis/outputs/06-alignment/Serum/: Is a directory
/var/spool/slurmd/job5520027/slurm_script: line 21: /home/yogesh22/Genome_Analysis/outputs/06-alignment/Serum/: Is a directory
/var/spool/slurmd/job5520027/slurm_script: line 21: /home/yogesh22/Genome_Analysis/outputs/06-alignment/Serum/: Is a directory
/var/spool/slurmd/job5520027/slurm_script: line 21: /home/yogesh22/Genome_Analysis/outputs/06-alignment/Serum/: Is a directory
