TrimmomaticPE: Started with arguments:
 -threads 1 /proj/uppmax2026-1-61/uppmax2026-1-61/Genome_Analysis/1_Zhang_2017/transcriptomics_data/RNA-Seq_BH/raw//trim_paired_ERR1797972_pass_1.fastq.gz /proj/uppmax2026-1-61/uppmax2026-1-61/Genome_Analysis/1_Zhang_2017/transcriptomics_data/RNA-Seq_BH/raw//trim_paired_ERR1797972_pass_2.fastq.gz /trim_paired_ERR1797972_pass_1_v2.fastq.gz /trim_single_ERR1797972_pass_1_v2.fastq.gz /trim_paired_ERR1797972_pass_2_v2.fastq.gz /trim_single_ERR1797972_pass_2_v2.fastq.gz ILLUMINACLIP:/sw/generic/pixi-envs/shovill-1.4.2/.pixi/envs/default/share/trimmomatic-0.40-0/adapters/TruSeq3-PE.fa:2:30:10 LEADING:3 TRAILING:3 SLIDINGWINDOW:4:15 MINLEN:36
Using PrefixPair: 'TACACTCTTTCCCTACACGACGCTCTTCCGATCT' and 'GTGACTGGAGTTCAGACGTGTGCTCTTCCGATCT'
ILLUMINACLIP: Using 1 prefix pairs, 0 forward/reverse sequences, 0 forward only sequences, 0 reverse only sequences
Exception in thread "main" java.io.FileNotFoundException: /proj/uppmax2026-1-61/uppmax2026-1-61/Genome_Analysis/1_Zhang_2017/transcriptomics_data/RNA-Seq_BH/raw/trim_paired_ERR1797972_pass_1.fastq.gz (No such file or directory)
	at java.base/java.io.FileInputStream.open0(Native Method)
	at java.base/java.io.FileInputStream.open(FileInputStream.java:216)
	at java.base/java.io.FileInputStream.<init>(FileInputStream.java:157)
	at org.usadellab.trimmomatic.fastq.FastqParser.parse(FastqParser.java:135)
	at org.usadellab.trimmomatic.TrimmomaticPE.process(TrimmomaticPE.java:265)
	at org.usadellab.trimmomatic.TrimmomaticPE.run(TrimmomaticPE.java:555)
	at org.usadellab.trimmomatic.Trimmomatic.main(Trimmomatic.java:80)
TrimmomaticPE: Started with arguments:
 -threads 1 /proj/uppmax2026-1-61/uppmax2026-1-61/Genome_Analysis/1_Zhang_2017/transcriptomics_data/RNA-Seq_BH/raw//trim_paired_ERR1797973_pass_1.fastq.gz /proj/uppmax2026-1-61/uppmax2026-1-61/Genome_Analysis/1_Zhang_2017/transcriptomics_data/RNA-Seq_BH/raw//trim_paired_ERR1797973_pass_2.fastq.gz /trim_paired_ERR1797973_pass_1_v2.fastq.gz /trim_single_ERR1797973_pass_1_v2.fastq.gz /trim_paired_ERR1797973_pass_2_v2.fastq.gz /trim_single_ERR1797973_pass_2_v2.fastq.gz ILLUMINACLIP:/sw/generic/pixi-envs/shovill-1.4.2/.pixi/envs/default/share/trimmomatic-0.40-0/adapters/TruSeq3-PE.fa:2:30:10 LEADING:3 TRAILING:3 SLIDINGWINDOW:4:15 MINLEN:36
Using PrefixPair: 'TACACTCTTTCCCTACACGACGCTCTTCCGATCT' and 'GTGACTGGAGTTCAGACGTGTGCTCTTCCGATCT'
ILLUMINACLIP: Using 1 prefix pairs, 0 forward/reverse sequences, 0 forward only sequences, 0 reverse only sequences
Exception in thread "main" java.io.FileNotFoundException: /proj/uppmax2026-1-61/uppmax2026-1-61/Genome_Analysis/1_Zhang_2017/transcriptomics_data/RNA-Seq_BH/raw/trim_paired_ERR1797973_pass_1.fastq.gz (No such file or directory)
	at java.base/java.io.FileInputStream.open0(Native Method)
	at java.base/java.io.FileInputStream.open(FileInputStream.java:216)
	at java.base/java.io.FileInputStream.<init>(FileInputStream.java:157)
	at org.usadellab.trimmomatic.fastq.FastqParser.parse(FastqParser.java:135)
	at org.usadellab.trimmomatic.TrimmomaticPE.process(TrimmomaticPE.java:265)
	at org.usadellab.trimmomatic.TrimmomaticPE.run(TrimmomaticPE.java:555)
	at org.usadellab.trimmomatic.Trimmomatic.main(Trimmomatic.java:80)
TrimmomaticPE: Started with arguments:
 -threads 1 /proj/uppmax2026-1-61/uppmax2026-1-61/Genome_Analysis/1_Zhang_2017/transcriptomics_data/RNA-Seq_BH/raw//trim_paired_ERR1797974_pass_1.fastq.gz /proj/uppmax2026-1-61/uppmax2026-1-61/Genome_Analysis/1_Zhang_2017/transcriptomics_data/RNA-Seq_BH/raw//trim_paired_ERR1797974_pass_2.fastq.gz /trim_paired_ERR1797974_pass_1_v2.fastq.gz /trim_single_ERR1797974_pass_1_v2.fastq.gz /trim_paired_ERR1797974_pass_2_v2.fastq.gz /trim_single_ERR1797974_pass_2_v2.fastq.gz ILLUMINACLIP:/sw/generic/pixi-envs/shovill-1.4.2/.pixi/envs/default/share/trimmomatic-0.40-0/adapters/TruSeq3-PE.fa:2:30:10 LEADING:3 TRAILING:3 SLIDINGWINDOW:4:15 MINLEN:36
Using PrefixPair: 'TACACTCTTTCCCTACACGACGCTCTTCCGATCT' and 'GTGACTGGAGTTCAGACGTGTGCTCTTCCGATCT'
ILLUMINACLIP: Using 1 prefix pairs, 0 forward/reverse sequences, 0 forward only sequences, 0 reverse only sequences
Exception in thread "main" java.io.FileNotFoundException: /proj/uppmax2026-1-61/uppmax2026-1-61/Genome_Analysis/1_Zhang_2017/transcriptomics_data/RNA-Seq_BH/raw/trim_paired_ERR1797974_pass_1.fastq.gz (No such file or directory)
	at java.base/java.io.FileInputStream.open0(Native Method)
	at java.base/java.io.FileInputStream.open(FileInputStream.java:216)
	at java.base/java.io.FileInputStream.<init>(FileInputStream.java:157)
	at org.usadellab.trimmomatic.fastq.FastqParser.parse(FastqParser.java:135)
	at org.usadellab.trimmomatic.TrimmomaticPE.process(TrimmomaticPE.java:265)
	at org.usadellab.trimmomatic.TrimmomaticPE.run(TrimmomaticPE.java:555)
	at org.usadellab.trimmomatic.Trimmomatic.main(Trimmomatic.java:80)
