TrimmomaticPE: Started with arguments:
 -threads 1 /proj/uppmax2026-1-61/uppmax2026-1-61/Genome_Analysis/1_Zhang_2017/transcriptomics_data/RNA-Seq_Serum/raw/ERR1797969_1.fastq.gz /proj/uppmax2026-1-61/uppmax2026-1-61/Genome_Analysis/1_Zhang_2017/transcriptomics_data/RNA-Seq_Serum/raw/ERR1797969_2.fastq.gz /trim_paired_ERR1797969_1.fastq.gz /trim_single_ERR1797969_1.fastq.gz /trim_paired_ERR1797969_2.fastq.gz /trim_single_ERR1797969_2.fastq.gz ILLUMINACLIP:/sw/generic/pixi-envs/shovill-1.4.2/.pixi/envs/default/share/trimmomatic-0.40-0/adapters/TruSeq3-PE.fa:2:30:10 LEADING:3 TRAILING:3 SLIDINGWINDOW:4:15 MINLEN:36
Using PrefixPair: 'TACACTCTTTCCCTACACGACGCTCTTCCGATCT' and 'GTGACTGGAGTTCAGACGTGTGCTCTTCCGATCT'
ILLUMINACLIP: Using 1 prefix pairs, 0 forward/reverse sequences, 0 forward only sequences, 0 reverse only sequences
Quality encoding detected as phred33
Exception in thread "main" java.io.FileNotFoundException: /trim_paired_ERR1797969_1.fastq.gz (Permission denied)
	at java.base/java.io.FileOutputStream.open0(Native Method)
	at java.base/java.io.FileOutputStream.open(FileOutputStream.java:293)
	at java.base/java.io.FileOutputStream.<init>(FileOutputStream.java:235)
	at java.base/java.io.FileOutputStream.<init>(FileOutputStream.java:184)
	at org.usadellab.trimmomatic.fastq.FastqSerializer.open(FastqSerializer.java:28)
	at org.usadellab.trimmomatic.TrimmomaticPE.process(TrimmomaticPE.java:289)
	at org.usadellab.trimmomatic.TrimmomaticPE.run(TrimmomaticPE.java:555)
	at org.usadellab.trimmomatic.Trimmomatic.main(Trimmomatic.java:80)
TrimmomaticPE: Started with arguments:
 -threads 1 /proj/uppmax2026-1-61/uppmax2026-1-61/Genome_Analysis/1_Zhang_2017/transcriptomics_data/RNA-Seq_Serum/raw/ERR1797970_1.fastq.gz /proj/uppmax2026-1-61/uppmax2026-1-61/Genome_Analysis/1_Zhang_2017/transcriptomics_data/RNA-Seq_Serum/raw/ERR1797970_2.fastq.gz /trim_paired_ERR1797970_1.fastq.gz /trim_single_ERR1797970_1.fastq.gz /trim_paired_ERR1797970_2.fastq.gz /trim_single_ERR1797970_2.fastq.gz ILLUMINACLIP:/sw/generic/pixi-envs/shovill-1.4.2/.pixi/envs/default/share/trimmomatic-0.40-0/adapters/TruSeq3-PE.fa:2:30:10 LEADING:3 TRAILING:3 SLIDINGWINDOW:4:15 MINLEN:36
Using PrefixPair: 'TACACTCTTTCCCTACACGACGCTCTTCCGATCT' and 'GTGACTGGAGTTCAGACGTGTGCTCTTCCGATCT'
ILLUMINACLIP: Using 1 prefix pairs, 0 forward/reverse sequences, 0 forward only sequences, 0 reverse only sequences
Quality encoding detected as phred33
Exception in thread "main" java.io.FileNotFoundException: /trim_paired_ERR1797970_1.fastq.gz (Permission denied)
	at java.base/java.io.FileOutputStream.open0(Native Method)
	at java.base/java.io.FileOutputStream.open(FileOutputStream.java:293)
	at java.base/java.io.FileOutputStream.<init>(FileOutputStream.java:235)
	at java.base/java.io.FileOutputStream.<init>(FileOutputStream.java:184)
	at org.usadellab.trimmomatic.fastq.FastqSerializer.open(FastqSerializer.java:28)
	at org.usadellab.trimmomatic.TrimmomaticPE.process(TrimmomaticPE.java:289)
	at org.usadellab.trimmomatic.TrimmomaticPE.run(TrimmomaticPE.java:555)
	at org.usadellab.trimmomatic.Trimmomatic.main(Trimmomatic.java:80)
TrimmomaticPE: Started with arguments:
 -threads 1 /proj/uppmax2026-1-61/uppmax2026-1-61/Genome_Analysis/1_Zhang_2017/transcriptomics_data/RNA-Seq_Serum/raw/ERR1797971_1.fastq.gz /proj/uppmax2026-1-61/uppmax2026-1-61/Genome_Analysis/1_Zhang_2017/transcriptomics_data/RNA-Seq_Serum/raw/ERR1797971_2.fastq.gz /trim_paired_ERR1797971_1.fastq.gz /trim_single_ERR1797971_1.fastq.gz /trim_paired_ERR1797971_2.fastq.gz /trim_single_ERR1797971_2.fastq.gz ILLUMINACLIP:/sw/generic/pixi-envs/shovill-1.4.2/.pixi/envs/default/share/trimmomatic-0.40-0/adapters/TruSeq3-PE.fa:2:30:10 LEADING:3 TRAILING:3 SLIDINGWINDOW:4:15 MINLEN:36
Using PrefixPair: 'TACACTCTTTCCCTACACGACGCTCTTCCGATCT' and 'GTGACTGGAGTTCAGACGTGTGCTCTTCCGATCT'
ILLUMINACLIP: Using 1 prefix pairs, 0 forward/reverse sequences, 0 forward only sequences, 0 reverse only sequences
Quality encoding detected as phred33
Exception in thread "main" java.io.FileNotFoundException: /trim_paired_ERR1797971_1.fastq.gz (Permission denied)
	at java.base/java.io.FileOutputStream.open0(Native Method)
	at java.base/java.io.FileOutputStream.open(FileOutputStream.java:293)
	at java.base/java.io.FileOutputStream.<init>(FileOutputStream.java:235)
	at java.base/java.io.FileOutputStream.<init>(FileOutputStream.java:184)
	at org.usadellab.trimmomatic.fastq.FastqSerializer.open(FastqSerializer.java:28)
	at org.usadellab.trimmomatic.TrimmomaticPE.process(TrimmomaticPE.java:289)
	at org.usadellab.trimmomatic.TrimmomaticPE.run(TrimmomaticPE.java:555)
	at org.usadellab.trimmomatic.Trimmomatic.main(Trimmomatic.java:80)
